// Jest Snapshot v1, https://goo.gl/fbAQLP

exports[`AccountDashboard should render correctly 1`] = `
<Fragment>
  <div
    className="columns is-constant-height"
  >
    <div
      className="column is-half"
    >
      <Connect(WalletInfo) />
    </div>
    <div
      className="column is-half"
    >
      <Connect(Transfer) />
    </div>
  </div>
  <Connect(Transactions) />
</Fragment>
`;
