// Jest Snapshot v1, https://goo.gl/fbAQLP

exports[`ConnectionSettings renders correctly 1`] = `
<div
  className="vertical-spaced"
>
  <h1
    className="title-heading has-text-centered"
  >
    Manage Connections
  </h1>
  <div
    className="columns is-centered"
  >
    <div
      className="column is-two-thirds"
    >
      <section
        className="section"
      >
        <Connect(ConnectionSelectorComponent) />
      </section>
    </div>
  </div>
</div>
`;
