// Jest Snapshot v1, https://goo.gl/fbAQLP

exports[`ConnectionSelector renders correctly 1`] = `
<section
  className="section"
>
  <div>
    <span
      className="icon is-large"
    >
      <i
        className="fas fa-wifi"
      />
    </span>
    <h1
      className="title is-4 heading primary-font"
    >
      Select a Network
    </h1>
  </div>
  <ConnectionButton
    connection={
      Object {
        "horizonURL": "https://asd.io",
        "name": "Kinesis KAU Testnet",
        "networkPassphrase": "qwe",
      }
    }
    isActive={true}
    key="0"
    selectConnection={[Function]}
  />
</section>
`;
