// Jest Snapshot v1, https://goo.gl/fbAQLP

exports[`DeleteWallet should render correctly 1`] = `
<div
  className="buttons is-hidden-mobile"
>
  <button
    className="button is-danger"
    onClick={[Function]}
    type="submit"
  >
    <span
      className="icon"
    >
      <i
        className="fa fa-trash-alt fa-lg"
      />
    </span>
    <span>
      Delete Account from Wallet
    </span>
  </button>
</div>
`;
