// Jest Snapshot v1, https://goo.gl/fbAQLP

exports[`InputField should render correctly 1`] = `
<div
  className="field "
>
  <div
    className="control undefined"
  >
    <input
      className="input "
      id="input-connection-name"
      onChange={[Function]}
      value=""
    />
  </div>
  <p
    className="help "
  />
</div>
`;
