// Jest Snapshot v1, https://goo.gl/fbAQLP

exports[`PayeeSelector should render correctly 1`] = `
<div
  className="field"
>
  <div
    className="field is-grouped"
  >
    <div
      className="control is-expanded"
    >
      <a
        className="button is-fullwidth"
        onClick={[Function]}
      >
        <span
          className="icon"
        >
          <i
            className="fa fa-plus"
          />
        </span>
        <span>
          Add Payee
        </span>
      </a>
    </div>
  </div>
</div>
`;
