// Jest Snapshot v1, https://goo.gl/fbAQLP

exports[`DeletePayeeLink renders correctly 1`] = `
<button
  className="button is-danger"
  onClick={[Function]}
>
  <span
    className="icon is-small"
  >
    <i
      className="fas fa-trash-alt"
    />
  </span>
</button>
`;

exports[`PayeeList renders correctly 1`] = `
<div
  className="vertical-spaced"
>
  <h1
    className="title-heading has-text-centered"
  >
    MY PAYEES
  </h1>
  <section
    className="section"
  >
    <LabelledField
      addon={
        <DeletePayeeLink
          name="Fred"
          removePayee={[Function]}
        />
      }
      isClipped={true}
      key="Fred"
      label="Fred"
      value="123"
    />
    <LabelledField
      addon={
        <DeletePayeeLink
          name="Mark"
          removePayee={[Function]}
        />
      }
      isClipped={true}
      key="Mark"
      label="Mark"
      value="456"
    />
  </section>
</div>
`;
