// Jest Snapshot v1, https://goo.gl/fbAQLP

exports[`SidebarPayee renders correctly 1`] = `
<div
  className="has-text-centered"
>
  <NavLink
    activeClassName="is-active"
    aria-current="page"
    className="button is-outlined is-fullwidth"
    to="/address-book"
  >
    Manage Payees
  </NavLink>
</div>
`;
