// Jest Snapshot v1, https://goo.gl/fbAQLP

exports[`TransactionCard renders correctly 1`] = `
<article
  className="message is-small is-transparent"
>
  <div
    className="message-header"
  >
    <p>
      <span
        className="icon has-text-danger"
      >
        <i
          className="fas fa-arrow-up"
        />
      </span>
      <span>
        Create Account
      </span>
    </p>
  </div>
  <div
    className="message-body"
  >
    <HorizontalLabelledField
      isCompact={true}
      key="account"
      label="Account"
      value="qwer"
    />
    <HorizontalLabelledField
      isCompact={true}
      key="created_at"
      label="Created At"
      value="2018-08-23T03:41:54Z"
    />
    <HorizontalLabelledField
      isCompact={true}
      key="funder"
      label="Funder"
      value="asdf"
    />
    <HorizontalLabelledField
      isCompact={true}
      key="source_account"
      label="Source Account"
      value="zxcv"
    />
    <HorizontalLabelledField
      isCompact={true}
      key="starting_balance"
      label="Starting Balance"
      value="0.1"
    />
    <HorizontalLabelledField
      isCompact={true}
      key="transaction_hash"
      label="Transaction Hash"
      value="785d"
    />
    <HorizontalLabelledField
      isCompact={true}
      label="Fee"
      value="0.00046"
    />
    <HorizontalLabelledField
      isCompact={true}
      label="Memo"
    />
  </div>
</article>
`;
