// Jest Snapshot v1, https://goo.gl/fbAQLP

exports[`WalletInfo renders correctly 1`] = `
<Fragment>
  <h1
    className="sub-heading primary-font"
  >
    Account Information
  </h1>
  <Connect(CurrencySelectorPresentation) />
  <LabelledField
    label="Account Name"
    value=""
  />
  <LabelledField
    isLoading={true}
    label="Kinesis Balance"
    value="0"
  />
  <LabelledField
    isCopyable={true}
    label="Public Key"
    value=""
  />
  <div
    className="is-divider is-hidden-tablet"
    style={
      Object {
        "borderTopWidth": "0.01rem",
        "margin": 0,
      }
    }
  />
</Fragment>
`;
