// Jest Snapshot v1, https://goo.gl/fbAQLP

exports[`WalletList renders correctly 1`] = `
<nav
  className="panel"
>
  <p
    className="panel-heading wallet-heading"
  >
    Accounts
  </p>
  <WalletListItem
    deleteWallet={[Function]}
    isActive={true}
    key="123"
    selectWallet={[Function]}
    wallet={
      Object {
        "accountName": "Fred",
        "encryptedPrivateKey": "",
        "publicKey": "123",
      }
    }
  />
  <WalletListItem
    deleteWallet={[Function]}
    isActive={false}
    key="456"
    selectWallet={[Function]}
    wallet={
      Object {
        "accountName": "Bob",
        "encryptedPrivateKey": "",
        "publicKey": "456",
      }
    }
  />
  <div
    className="panel-block"
  >
    <NavLink
      activeClassName="active"
      aria-current="page"
      className="button is-primary is-outlined is-fullwidth"
      to="/create"
    >
      Add Account
    </NavLink>
  </div>
</nav>
`;

exports[`WalletListItem renders correctly 1`] = `
<NavLink
  activeClassName="is-active"
  aria-current="page"
  className="panel-block"
  isActive={[Function]}
  onClick={[Function]}
  to="/dashboard"
>
  <span
    className="panel-icon"
  >
    <i
      className="fas fa-book"
    />
  </span>
  <span
    className="info"
    style={
      Object {
        "flexGrow": 2,
      }
    }
  >
    Fred
  </span>
  <button
    className="button is-small is-danger"
    onClick={[Function]}
  >
    <span
      className="icon is-small"
    >
      <i
        className="fas fa-trash-alt"
      />
    </span>
  </button>
</NavLink>
`;
