// Jest Snapshot v1, https://goo.gl/fbAQLP

exports[`AccountsInTransfer should render correctly 1`] = `
<Fragment>
  <Component
    address={null}
    addressDisplay={0}
  />
  <div
    className="column is-narrow"
  >
    <div
      className="level"
    >
      <div
        className="level-item"
      >
        <span
          className="has-text-grey-lighter is-size-2"
        >
          <i
            className="fal fa-arrow-circle-right"
          />
        </span>
      </div>
    </div>
  </div>
  <Component
    address="123qwe"
    addressDisplay={1}
    name="John"
  />
</Fragment>
`;
