// Jest Snapshot v1, https://goo.gl/fbAQLP

exports[`CurrencyLogo should render correctly 1`] = `
<Fragment>
  <div
    className="level"
  >
    <div
      className="level-item"
    >
      <figure
        className="image is-32x32"
      >
        <InlineSVG
          baseURL=""
          cacheGetRequests={false}
          onLoad={[Function]}
          src="test-file-stub"
          supportTest={[Function]}
          uniquifyIDs={true}
          wrapper={[Function]}
        />
      </figure>
    </div>
  </div>
</Fragment>
`;
