// Jest Snapshot v1, https://goo.gl/fbAQLP

exports[`TransferSummary should render correctly 1`] = `
<Fragment>
  <div
    className="has-text-centered content"
  >
    <Component
      amount="5"
      currency="KAU"
      text="KAU"
    />
    <p
      className="has-text-grey-lighter"
    >
      <q>
        memo
      </q>
    </p>
  </div>
  <hr
    className="has-background-grey-lighter"
    style={
      Object {
        "marginBottom": "0",
      }
    }
  />
  <table
    className="table is-fullwidth is-marginless"
  >
    <tbody>
      <TransferTableRow
        amount="1.00000"
        currency="KAU"
        description="Transaction Fee"
      />
      <TransferTableRow
        amount="6.00000"
        currency="KAU"
        description="TOTAL"
      />
    </tbody>
  </table>
  <hr
    className="has-background-grey-lighter"
    style={
      Object {
        "marginTop": "0",
      }
    }
  />
</Fragment>
`;
